This file contains any messages produced by compilers while
running configure, to aid debugging if configure makes a mistake.

It was created by httrack configure 3.49.6, which was
generated by GNU Autoconf 2.71.  Invocation command line was

  $ ./configure --prefix=/usr/local --with-zlib=/mingw64 --disable-shared

## --------- ##
## Platform. ##
## --------- ##

hostname = DESKTOP-FEH38TF
uname -m = x86_64
uname -r = 3.6.6-2369286a.x86_64
uname -s = MINGW64_NT-10.0-19045
uname -v = 2026-01-14 12:29 UTC

/usr/bin/uname -p = unknown
/bin/uname -X     = unknown

/bin/arch              = x86_64
/usr/bin/arch -k       = unknown
/usr/convex/getsysinfo = unknown
/usr/bin/hostinfo      = unknown
/bin/machine           = unknown
/usr/bin/oslevel       = unknown
/bin/universe          = unknown

PATH: /mingw64/bin/
PATH: /usr/local/bin/
PATH: /usr/bin/
PATH: /bin/
PATH: /c/Windows/System32/
PATH: /c/Windows/
PATH: /c/Windows/System32/Wbem/
PATH: /c/Windows/System32/WindowsPowerShell/v1.0/
PATH: /usr/bin/site_perl/
PATH: /usr/bin/vendor_perl/
PATH: /usr/bin/core_perl/


## ----------- ##
## Core tests. ##
## ----------- ##

configure:2376: loading site script /etc/config.site
| # This file is in public domain.
| # Original author: Karlson2k (Evgeny Grin)
| # Written for MSys2 to help running 'configure' scripts
| 
| # Defaults for MSys2/MinGW64-targeted programs
| 
| # Set proper selfname on bash and fallback to default name on other shells
| test -n "${BASH_SOURCE}" 2>/dev/null && config_site_me="${BASH_SOURCE[0]##*/}" || config_site_me=config.site
| 
| # Set default 'host' to speedup configure
| if test -z "$build_alias"; then
|   build_alias="${MSYSTEM_CHOST}"  && \
|     ${as_echo-echo} "$config_site_me:${as_lineno-$LINENO}: default build_alias set to $build_alias" >&5
| fi
| 
| # Set default 'prefix'
| if ( test -z "$prefix" || test "x$prefix" = "xNONE" ) && \
|     ( test -z "$exec_prefix" || test "x$exec_prefix" = "xNONE" ); then
|   prefix="${MSYSTEM_PREFIX}" && \
|     ${as_echo-echo} "$config_site_me:${as_lineno-$LINENO}: default prefix set to $prefix" >&5
| fi
config.site:13: default build_alias set to x86_64-w64-mingw32
configure:2737: looking for aux files: config.guess config.sub ltmain.sh compile missing install-sh
configure:2750:  trying ./
configure:2779:   ./config.guess found
configure:2779:   ./config.sub found
configure:2779:   ./ltmain.sh found
configure:2779:   ./compile found
configure:2779:   ./missing found
configure:2761:   ./install-sh found
configure:2914: checking for a BSD-compatible install
configure:2987: result: /usr/bin/install -c
configure:2998: checking whether build environment is sane
configure:3053: result: yes
configure:3212: checking for a race-free mkdir -p
configure:3256: result: /usr/bin/mkdir -p
configure:3263: checking for gawk
configure:3284: found /usr/bin/gawk
configure:3295: result: gawk
configure:3306: checking whether make sets $(MAKE)
configure:3329: result: yes
configure:3359: checking whether make supports nested variables
configure:3377: result: yes
configure:3515: checking whether to enable maintainer-specific portions of Makefiles
configure:3525: result: no
configure:3551: checking whether make supports the include directive
configure:3566: make -f confmf.GNU && cat confinc.out
this is the am__doit target
configure:3569: $? = 0
configure:3588: result: yes (GNU style)
configure:3664: checking for gcc
configure:3685: found /mingw64/bin/gcc
configure:3696: result: gcc
configure:4049: checking for C compiler version
configure:4058: gcc --version >&5
gcc.exe (Rev11, Built by MSYS2 project) 15.2.0
Copyright (C) 2025 Free Software Foundation, Inc.
This is free software; see the source for copying conditions.  There is NO
warranty; not even for MERCHANTABILITY or FITNESS FOR A PARTICULAR PURPOSE.

configure:4069: $? = 0
configure:4058: gcc -v >&5
Using built-in specs.
COLLECT_GCC=C:\msys64\mingw64\bin\gcc.exe
COLLECT_LTO_WRAPPER=C:/msys64/mingw64/bin/../lib/gcc/x86_64-w64-mingw32/15.2.0/lto-wrapper.exe
Target: x86_64-w64-mingw32
Configured with: ../gcc-15.2.0/configure --prefix=/mingw64 --with-local-prefix=/mingw64/local --with-native-system-header-dir=/mingw64/include --libexecdir=/mingw64/lib --enable-bootstrap --enable-checking=release --with-arch=nocona --with-tune=generic --enable-mingw-wildcard --enable-languages=c,lto,c++,fortran,ada,objc,obj-c++,jit --enable-shared --enable-static --enable-libatomic --enable-threads=posix --enable-graphite --enable-fully-dynamic-string --enable-libstdcxx-backtrace=yes --enable-libstdcxx-filesystem-ts --enable-libstdcxx-time --disable-libstdcxx-pch --enable-lto --enable-libgomp --disable-libssp --disable-multilib --disable-rpath --disable-win32-registry --disable-nls --disable-werror --disable-symvers --with-libiconv --with-system-zlib --with-gmp=/mingw64 --with-mpfr=/mingw64 --with-mpc=/mingw64 --with-isl=/mingw64 --with-pkgversion='Rev11, Built by MSYS2 project' --with-bugurl=https://github.com/msys2/MINGW-packages/issues --with-gnu-as --with-gnu-ld --with-libstdcxx-zoneinfo=yes --disable-libstdcxx-debug --enable-plugin --with-boot-ldflags=-static-libstdc++ --with-stage1-ldflags=-static-libstdc++
Thread model: posix
Supported LTO compression algorithms: zlib zstd
gcc version 15.2.0 (Rev11, Built by MSYS2 project) 
configure:4069: $? = 0
configure:4058: gcc -V >&5
gcc.exe: error: unrecognized command-line option '-V'
gcc.exe: fatal error: no input files
compilation terminated.
configure:4069: $? = 1
configure:4058: gcc -qversion >&5
gcc.exe: error: unrecognized command-line option '-qversion'; did you mean '--version'?
gcc.exe: fatal error: no input files
compilation terminated.
configure:4069: $? = 1
configure:4058: gcc -version >&5
gcc.exe: error: unrecognized command-line option '-version'
gcc.exe: fatal error: no input files
compilation terminated.
configure:4069: $? = 1
configure:4089: checking whether the C compiler works
configure:4111: gcc    conftest.c  >&5
configure:4115: $? = 0
configure:4165: result: yes
configure:4168: checking for C compiler default output file name
configure:4170: result: a.exe
configure:4176: checking for suffix of executables
configure:4183: gcc -o conftest.exe    conftest.c  >&5
configure:4187: $? = 0
configure:4210: result: .exe
configure:4232: checking whether we are cross compiling
configure:4240: gcc -o conftest.exe    conftest.c  >&5
configure:4244: $? = 0
configure:4251: ./conftest.exe
configure:4255: $? = 0
configure:4270: result: no
configure:4275: checking for suffix of object files
configure:4298: gcc -c   conftest.c >&5
configure:4302: $? = 0
configure:4324: result: o
configure:4328: checking whether the compiler supports GNU C
configure:4348: gcc -c   conftest.c >&5
configure:4348: $? = 0
configure:4358: result: yes
configure:4369: checking whether gcc accepts -g
configure:4390: gcc -c -g  conftest.c >&5
configure:4390: $? = 0
configure:4434: result: yes
configure:4454: checking for gcc option to enable C11 features
configure:4469: gcc  -c -g -O2  conftest.c >&5
conftest.c: In function 'e':
conftest.c:25:14: warning: old-style function definition [-Wold-style-definition]
   25 | static char *e (p, i)
      |              ^
configure:4469: $? = 0
configure:4487: result: none needed
configure:4603: checking whether gcc understands -c and -o together
configure:4626: gcc -c conftest.c -o conftest2.o
configure:4629: $? = 0
configure:4626: gcc -c conftest.c -o conftest2.o
configure:4629: $? = 0
configure:4641: result: yes
configure:4660: checking dependency style of gcc
configure:4772: result: gcc3
configure:4792: checking for stdio.h
configure:4792: gcc -c -g -O2  conftest.c >&5
configure:4792: $? = 0
configure:4792: result: yes
configure:4792: checking for stdlib.h
configure:4792: gcc -c -g -O2  conftest.c >&5
configure:4792: $? = 0
configure:4792: result: yes
configure:4792: checking for string.h
configure:4792: gcc -c -g -O2  conftest.c >&5
configure:4792: $? = 0
configure:4792: result: yes
configure:4792: checking for inttypes.h
configure:4792: gcc -c -g -O2  conftest.c >&5
configure:4792: $? = 0
configure:4792: result: yes
configure:4792: checking for stdint.h
configure:4792: gcc -c -g -O2  conftest.c >&5
configure:4792: $? = 0
configure:4792: result: yes
configure:4792: checking for strings.h
configure:4792: gcc -c -g -O2  conftest.c >&5
configure:4792: $? = 0
configure:4792: result: yes
configure:4792: checking for sys/stat.h
configure:4792: gcc -c -g -O2  conftest.c >&5
configure:4792: $? = 0
configure:4792: result: yes
configure:4792: checking for sys/types.h
configure:4792: gcc -c -g -O2  conftest.c >&5
configure:4792: $? = 0
configure:4792: result: yes
configure:4792: checking for unistd.h
configure:4792: gcc -c -g -O2  conftest.c >&5
configure:4792: $? = 0
configure:4792: result: yes
configure:4792: checking for wchar.h
configure:4792: gcc -c -g -O2  conftest.c >&5
configure:4792: $? = 0
configure:4792: result: yes
configure:4792: checking for minix/config.h
configure:4792: gcc -c -g -O2  conftest.c >&5
conftest.c:49:10: fatal error: minix/config.h: No such file or directory
   49 | #include <minix/config.h>
      |          ^~~~~~~~~~~~~~~~
compilation terminated.
configure:4792: $? = 1
configure: failed program was:
| /* confdefs.h */
| #define PACKAGE_NAME "httrack"
| #define PACKAGE_TARNAME "httrack"
| #define PACKAGE_VERSION "3.49.6"
| #define PACKAGE_STRING "httrack 3.49.6"
| #define PACKAGE_BUGREPORT "roche+packaging@httrack.com"
| #define PACKAGE_URL "http://www.httrack.com/"
| #define PACKAGE "httrack"
| #define VERSION "3.49.6"
| #define HAVE_STDIO_H 1
| #define HAVE_STDLIB_H 1
| #define HAVE_STRING_H 1
| #define HAVE_INTTYPES_H 1
| #define HAVE_STDINT_H 1
| #define HAVE_STRINGS_H 1
| #define HAVE_SYS_STAT_H 1
| #define HAVE_SYS_TYPES_H 1
| #define HAVE_UNISTD_H 1
| #define HAVE_WCHAR_H 1
| /* end confdefs.h.  */
| #include <stddef.h>
| #ifdef HAVE_STDIO_H
| # include <stdio.h>
| #endif
| #ifdef HAVE_STDLIB_H
| # include <stdlib.h>
| #endif
| #ifdef HAVE_STRING_H
| # include <string.h>
| #endif
| #ifdef HAVE_INTTYPES_H
| # include <inttypes.h>
| #endif
| #ifdef HAVE_STDINT_H
| # include <stdint.h>
| #endif
| #ifdef HAVE_STRINGS_H
| # include <strings.h>
| #endif
| #ifdef HAVE_SYS_TYPES_H
| # include <sys/types.h>
| #endif
| #ifdef HAVE_SYS_STAT_H
| # include <sys/stat.h>
| #endif
| #ifdef HAVE_UNISTD_H
| # include <unistd.h>
| #endif
| #include <minix/config.h>
configure:4792: result: no
configure:4823: checking whether it is safe to define __EXTENSIONS__
configure:4842: gcc -c -g -O2  conftest.c >&5
configure:4842: $? = 0
configure:4850: result: yes
configure:4853: checking whether _XOPEN_SOURCE should be defined
configure:4875: gcc -c -g -O2  conftest.c >&5
configure:4875: $? = 0
configure:4902: result: no
configure:5012: checking for gcc
configure:5044: result: gcc
configure:5397: checking for C compiler version
configure:5406: gcc --version >&5
gcc.exe (Rev11, Built by MSYS2 project) 15.2.0
Copyright (C) 2025 Free Software Foundation, Inc.
This is free software; see the source for copying conditions.  There is NO
warranty; not even for MERCHANTABILITY or FITNESS FOR A PARTICULAR PURPOSE.

configure:5417: $? = 0
configure:5406: gcc -v >&5
Using built-in specs.
COLLECT_GCC=C:\msys64\mingw64\bin\gcc.exe
COLLECT_LTO_WRAPPER=C:/msys64/mingw64/bin/../lib/gcc/x86_64-w64-mingw32/15.2.0/lto-wrapper.exe
Target: x86_64-w64-mingw32
Configured with: ../gcc-15.2.0/configure --prefix=/mingw64 --with-local-prefix=/mingw64/local --with-native-system-header-dir=/mingw64/include --libexecdir=/mingw64/lib --enable-bootstrap --enable-checking=release --with-arch=nocona --with-tune=generic --enable-mingw-wildcard --enable-languages=c,lto,c++,fortran,ada,objc,obj-c++,jit --enable-shared --enable-static --enable-libatomic --enable-threads=posix --enable-graphite --enable-fully-dynamic-string --enable-libstdcxx-backtrace=yes --enable-libstdcxx-filesystem-ts --enable-libstdcxx-time --disable-libstdcxx-pch --enable-lto --enable-libgomp --disable-libssp --disable-multilib --disable-rpath --disable-win32-registry --disable-nls --disable-werror --disable-symvers --with-libiconv --with-system-zlib --with-gmp=/mingw64 --with-mpfr=/mingw64 --with-mpc=/mingw64 --with-isl=/mingw64 --with-pkgversion='Rev11, Built by MSYS2 project' --with-bugurl=https://github.com/msys2/MINGW-packages/issues --with-gnu-as --with-gnu-ld --with-libstdcxx-zoneinfo=yes --disable-libstdcxx-debug --enable-plugin --with-boot-ldflags=-static-libstdc++ --with-stage1-ldflags=-static-libstdc++
Thread model: posix
Supported LTO compression algorithms: zlib zstd
gcc version 15.2.0 (Rev11, Built by MSYS2 project) 
configure:5417: $? = 0
configure:5406: gcc -V >&5
gcc.exe: error: unrecognized command-line option '-V'
gcc.exe: fatal error: no input files
compilation terminated.
configure:5417: $? = 1
configure:5406: gcc -qversion >&5
gcc.exe: error: unrecognized command-line option '-qversion'; did you mean '--version'?
gcc.exe: fatal error: no input files
compilation terminated.
configure:5417: $? = 1
configure:5406: gcc -version >&5
gcc.exe: error: unrecognized command-line option '-version'
gcc.exe: fatal error: no input files
compilation terminated.
configure:5417: $? = 1
configure:5421: checking whether the compiler supports GNU C
configure:5451: result: yes
configure:5462: checking whether gcc accepts -g
configure:5527: result: yes
configure:5547: checking for gcc option to enable C11 features
configure:5580: result: none needed
configure:5696: checking whether gcc understands -c and -o together
configure:5734: result: yes
configure:5753: checking dependency style of gcc
configure:5865: result: gcc3
configure:5884: checking for grep that handles long lines and -e
configure:5948: result: /usr/bin/grep
configure:5953: checking for egrep
configure:6021: result: /usr/bin/grep -E
configure:6059: checking build system type
configure:6074: result: x86_64-w64-mingw32
configure:6094: checking host system type
configure:6108: result: x86_64-w64-mingw32
configure:6149: checking how to print strings
configure:6176: result: printf
configure:6197: checking for a sed that does not truncate output
configure:6267: result: /usr/bin/sed
configure:6285: checking for fgrep
configure:6353: result: /usr/bin/grep -F
configure:6389: checking for ld used by gcc
configure:6457: result: C:/msys64/mingw64/x86_64-w64-mingw32/bin/ld.exe
configure:6464: checking if the linker (C:/msys64/mingw64/x86_64-w64-mingw32/bin/ld.exe) is GNU ld
configure:6480: result: yes
configure:6492: checking for BSD- or MS-compatible name lister (nm)
configure:6547: result: /mingw64/bin/nm -B
configure:6687: checking the name lister (/mingw64/bin/nm -B) interface
configure:6695: gcc -c -g -O2  conftest.c >&5
configure:6698: /mingw64/bin/nm -B "conftest.o"
configure:6701: output
0000000000000000 b .bss
0000000000000000 d .data
0000000000000000 N .debug_abbrev
0000000000000000 N .debug_aranges
0000000000000000 N .debug_info
0000000000000000 N .debug_line
0000000000000000 N .debug_line_str
0000000000000000 r .rdata$zzz
0000000000000000 t .text
0000000000000000 B some_variable
configure:6708: result: BSD nm
configure:6711: checking whether ln -s works
configure:6718: result: no, using cp -pR
configure:6723: checking the maximum length of command line arguments
configure:6855: result: 8192
configure:6903: checking how to convert x86_64-w64-mingw32 file names to x86_64-w64-mingw32 format
configure:6944: result: func_convert_file_msys_to_w32
configure:6951: checking how to convert x86_64-w64-mingw32 file names to toolchain format
configure:6972: result: func_convert_file_msys_to_w32
configure:6979: checking for C:/msys64/mingw64/x86_64-w64-mingw32/bin/ld.exe option to reload object files
configure:6987: result: -r
configure:7066: checking for file
configure:7087: found /usr/bin/file
configure:7098: result: file
configure:7174: checking for objdump
configure:7195: found /mingw64/bin/objdump
configure:7206: result: objdump
configure:7238: checking how to recognize dependent libraries
configure:7439: result: file_magic ^x86 archive import|^x86 DLL
configure:7529: checking for dlltool
configure:7550: found /mingw64/bin/dlltool
configure:7561: result: dlltool
configure:7594: checking how to associate runtime and link libraries
configure:7622: result: func_cygming_dll_for_implib
configure:7687: checking for ar
configure:7708: found /mingw64/bin/ar
configure:7719: result: ar
configure:7772: checking for archiver @FILE support
configure:7790: gcc -c -g -O2  conftest.c >&5
configure:7790: $? = 0
configure:7794: ar cr libconftest.a @conftest.lst >&5
configure:7797: $? = 0
configure:7802: ar cr libconftest.a @conftest.lst >&5
C:\msys64\mingw64\bin\ar.exe: conftest.o: No such file or directory
configure:7805: $? = 1
configure:7817: result: @
configure:7880: checking for strip
configure:7901: found /mingw64/bin/strip
configure:7912: result: strip
configure:7989: checking for ranlib
configure:8010: found /mingw64/bin/ranlib
configure:8021: result: ranlib
configure:8123: checking command to parse /mingw64/bin/nm -B output from gcc object
configure:8277: gcc -c -g -O2  conftest.c >&5
configure:8280: $? = 0
configure:8284: /mingw64/bin/nm -B conftest.o | /usr/bin/sed -n -e 's/^.*[	 ]\([ABCDGIRSTW][ABCDGIRSTW]*\)[	 ][	 ]*\([_A-Za-z][_A-Za-z0-9]*\)\{0,1\}$/\1 \2 \2/p' | /usr/bin/sed '/ __gnu_lto/d' > conftest.nm
configure:8350: gcc -o conftest.exe -g -O2   conftest.c conftstm.o >&5
configure:8353: $? = 0
configure:8391: result: ok
configure:8438: checking for sysroot
configure:8469: result: no
configure:8476: checking for a working dd
configure:8520: result: /usr/bin/dd
configure:8524: checking how to truncate binary pipes
configure:8540: result: /usr/bin/dd bs=4096 count=1
configure:8877: checking for mt
configure:8912: result: no
configure:8932: checking if : is a manifest tool
configure:8939: : '-?'
configure:8947: result: no
configure:9668: checking for dlfcn.h
configure:9668: gcc -c -g -O2  conftest.c >&5
conftest.c:67:10: fatal error: dlfcn.h: No such file or directory
   67 | #include <dlfcn.h>
      |          ^~~~~~~~~
compilation terminated.
configure:9668: $? = 1
configure: failed program was:
| /* confdefs.h */
| #define PACKAGE_NAME "httrack"
| #define PACKAGE_TARNAME "httrack"
| #define PACKAGE_VERSION "3.49.6"
| #define PACKAGE_STRING "httrack 3.49.6"
| #define PACKAGE_BUGREPORT "roche+packaging@httrack.com"
| #define PACKAGE_URL "http://www.httrack.com/"
| #define PACKAGE "httrack"
| #define VERSION "3.49.6"
| #define HAVE_STDIO_H 1
| #define HAVE_STDLIB_H 1
| #define HAVE_STRING_H 1
| #define HAVE_INTTYPES_H 1
| #define HAVE_STDINT_H 1
| #define HAVE_STRINGS_H 1
| #define HAVE_SYS_STAT_H 1
| #define HAVE_SYS_TYPES_H 1
| #define HAVE_UNISTD_H 1
| #define HAVE_WCHAR_H 1
| #define STDC_HEADERS 1
| #define _ALL_SOURCE 1
| #define _DARWIN_C_SOURCE 1
| #define _GNU_SOURCE 1
| #define _HPUX_ALT_XOPEN_SOCKET_API 1
| #define _NETBSD_SOURCE 1
| #define _OPENBSD_SOURCE 1
| #define _POSIX_PTHREAD_SEMANTICS 1
| #define __STDC_WANT_IEC_60559_ATTRIBS_EXT__ 1
| #define __STDC_WANT_IEC_60559_BFP_EXT__ 1
| #define __STDC_WANT_IEC_60559_DFP_EXT__ 1
| #define __STDC_WANT_IEC_60559_FUNCS_EXT__ 1
| #define __STDC_WANT_IEC_60559_TYPES_EXT__ 1
| #define __STDC_WANT_LIB_EXT2__ 1
| #define __STDC_WANT_MATH_SPEC_FUNCS__ 1
| #define _TANDEM_SOURCE 1
| #define __EXTENSIONS__ 1
| /* end confdefs.h.  */
| #include <stddef.h>
| #ifdef HAVE_STDIO_H
| # include <stdio.h>
| #endif
| #ifdef HAVE_STDLIB_H
| # include <stdlib.h>
| #endif
| #ifdef HAVE_STRING_H
| # include <string.h>
| #endif
| #ifdef HAVE_INTTYPES_H
| # include <inttypes.h>
| #endif
| #ifdef HAVE_STDINT_H
| # include <stdint.h>
| #endif
| #ifdef HAVE_STRINGS_H
| # include <strings.h>
| #endif
| #ifdef HAVE_SYS_TYPES_H
| # include <sys/types.h>
| #endif
| #ifdef HAVE_SYS_STAT_H
| # include <sys/stat.h>
| #endif
| #ifdef HAVE_UNISTD_H
| # include <unistd.h>
| #endif
| 
| #include <dlfcn.h>
configure:9668: result: no
configure:9927: checking for objdir
configure:9943: result: .libs
configure:10207: checking if gcc supports -fno-rtti -fno-exceptions
configure:10226: gcc -c -g -O2  -fno-rtti -fno-exceptions conftest.c >&5
cc1.exe: warning: command-line option '-fno-rtti' is valid for C++/D/ObjC++ but not for C
configure:10230: $? = 0
configure:10243: result: no
configure:10607: checking for gcc option to produce PIC
configure:10615: result: -DDLL_EXPORT -DPIC
configure:10623: checking if gcc PIC flag -DDLL_EXPORT -DPIC works
configure:10642: gcc -c -g -O2  -DDLL_EXPORT -DPIC -DPIC conftest.c >&5
configure:10646: $? = 0
configure:10659: result: yes
configure:10688: checking if gcc static flag -static works
configure:10717: result: yes
configure:10732: checking if gcc supports -c -o file.o
configure:10754: gcc -c -g -O2  -o out/conftest2.o conftest.c >&5
configure:10758: $? = 0
configure:10780: result: yes
configure:10788: checking if gcc supports -c -o file.o
configure:10836: result: yes
configure:10869: checking whether the gcc linker (C:/msys64/mingw64/x86_64-w64-mingw32/bin/ld.exe) supports shared libraries
configure:12143: result: yes
configure:12384: checking dynamic linker characteristics
configure:13217: result: Win32 ld.exe
configure:13339: checking how to hardcode library paths into programs
configure:13364: result: immediate
configure:13916: checking whether stripping libraries is possible
configure:13925: result: yes
configure:13967: checking if libtool supports shared libraries
configure:13969: result: yes
configure:13972: checking whether to build shared libraries
configure:13997: result: no
configure:14000: checking whether to build static libraries
configure:14004: result: yes
configure:14041: checking whether ln -s works
configure:14048: result: no, using cp -pR
configure:14077: checking whether C compiler accepts -Wparentheses
configure:14097: gcc -c -g -O2  -Wparentheses  conftest.c >&5
configure:14097: $? = 0
configure:14106: result: yes
configure:14115: checking whether C compiler accepts -Winit-self
configure:14135: gcc -c -g -O2  -Winit-self  conftest.c >&5
configure:14135: $? = 0
configure:14144: result: yes
configure:14153: checking whether C compiler accepts -Wunused-but-set-parameter
configure:14173: gcc -c -g -O2  -Wunused-but-set-parameter  conftest.c >&5
configure:14173: $? = 0
configure:14182: result: yes
configure:14191: checking whether C compiler accepts -Waddress
configure:14211: gcc -c -g -O2  -Waddress  conftest.c >&5
configure:14211: $? = 0
configure:14220: result: yes
configure:14229: checking whether C compiler accepts -Wuninitialized
configure:14249: gcc -c -g -O2  -Wuninitialized  conftest.c >&5
configure:14249: $? = 0
configure:14258: result: yes
configure:14267: checking whether C compiler accepts -Wformat=2
configure:14287: gcc -c -g -O2  -Wformat=2  conftest.c >&5
configure:14287: $? = 0
configure:14296: result: yes
configure:14305: checking whether C compiler accepts -Wformat-nonliteral
configure:14325: gcc -c -g -O2  -Wformat-nonliteral  conftest.c >&5
cc1.exe: warning: '-Wformat-nonliteral' ignored without '-Wformat' [-Wformat-nonliteral]
configure:14325: $? = 0
configure:14334: result: yes
configure:14343: checking whether C compiler accepts -Wmissing-parameter-type
configure:14363: gcc -c -g -O2  -Wmissing-parameter-type  conftest.c >&5
configure:14363: $? = 0
configure:14372: result: yes
configure:14381: checking whether C compiler accepts -Wold-style-definition
configure:14401: gcc -c -g -O2  -Wold-style-definition  conftest.c >&5
configure:14401: $? = 0
configure:14410: result: yes
configure:14419: checking whether C compiler accepts -Wignored-qualifiers
configure:14439: gcc -c -g -O2  -Wignored-qualifiers  conftest.c >&5
configure:14439: $? = 0
configure:14448: result: yes
configure:14457: checking whether C compiler accepts -fstrict-aliasing -Wstrict-aliasing
configure:14477: gcc -c -g -O2  -fstrict-aliasing -Wstrict-aliasing  conftest.c >&5
configure:14477: $? = 0
configure:14486: result: yes
configure:14495: checking whether C compiler accepts -fstack-protector
configure:14515: gcc -c -g -O2  -fstack-protector  conftest.c >&5
configure:14515: $? = 0
configure:14524: result: yes
configure:14533: checking whether C compiler accepts -fstack-clash-protection
configure:14553: gcc -c -g -O2  -fstack-clash-protection  conftest.c >&5
configure:14553: $? = 0
configure:14562: result: yes
configure:14571: checking whether C compiler accepts -fcf-protection
configure:14591: gcc -c -g -O2  -fcf-protection  conftest.c >&5
configure:14591: $? = 0
configure:14600: result: yes
configure:14609: checking whether the linker accepts -Wl,--discard-all
configure:14629: gcc -o conftest.exe -g -O2    -Wl,--discard-all conftest.c  >&5
configure:14629: $? = 0
configure:14639: result: yes
configure:14648: checking whether the linker accepts -Wl,--no-undefined
configure:14668: gcc -o conftest.exe -g -O2    -Wl,--no-undefined conftest.c  >&5
configure:14668: $? = 0
configure:14678: result: yes
configure:14687: checking whether the linker accepts -Wl,-z,relro,-z,now
configure:14707: gcc -o conftest.exe -g -O2    -Wl,-z,relro,-z,now conftest.c  >&5
C:/msys64/mingw64/bin/../lib/gcc/x86_64-w64-mingw32/15.2.0/../../../../x86_64-w64-mingw32/bin/ld.exe: unrecognized option '-z'
C:/msys64/mingw64/bin/../lib/gcc/x86_64-w64-mingw32/15.2.0/../../../../x86_64-w64-mingw32/bin/ld.exe: use the --help option for usage information
collect2.exe: error: ld returned 1 exit status
configure:14707: $? = 1
configure: failed program was:
| /* confdefs.h */
| #define PACKAGE_NAME "httrack"
| #define PACKAGE_TARNAME "httrack"
| #define PACKAGE_VERSION "3.49.6"
| #define PACKAGE_STRING "httrack 3.49.6"
| #define PACKAGE_BUGREPORT "roche+packaging@httrack.com"
| #define PACKAGE_URL "http://www.httrack.com/"
| #define PACKAGE "httrack"
| #define VERSION "3.49.6"
| #define HAVE_STDIO_H 1
| #define HAVE_STDLIB_H 1
| #define HAVE_STRING_H 1
| #define HAVE_INTTYPES_H 1
| #define HAVE_STDINT_H 1
| #define HAVE_STRINGS_H 1
| #define HAVE_SYS_STAT_H 1
| #define HAVE_SYS_TYPES_H 1
| #define HAVE_UNISTD_H 1
| #define HAVE_WCHAR_H 1
| #define STDC_HEADERS 1
| #define _ALL_SOURCE 1
| #define _DARWIN_C_SOURCE 1
| #define _GNU_SOURCE 1
| #define _HPUX_ALT_XOPEN_SOCKET_API 1
| #define _NETBSD_SOURCE 1
| #define _OPENBSD_SOURCE 1
| #define _POSIX_PTHREAD_SEMANTICS 1
| #define __STDC_WANT_IEC_60559_ATTRIBS_EXT__ 1
| #define __STDC_WANT_IEC_60559_BFP_EXT__ 1
| #define __STDC_WANT_IEC_60559_DFP_EXT__ 1
| #define __STDC_WANT_IEC_60559_FUNCS_EXT__ 1
| #define __STDC_WANT_IEC_60559_TYPES_EXT__ 1
| #define __STDC_WANT_LIB_EXT2__ 1
| #define __STDC_WANT_MATH_SPEC_FUNCS__ 1
| #define _TANDEM_SOURCE 1
| #define __EXTENSIONS__ 1
| #define LT_OBJDIR ".libs/"
| /* end confdefs.h.  */
| 
| int
| main (void)
| {
| 
|   ;
|   return 0;
| }
configure:14717: result: no
configure:14726: checking whether the linker accepts -Wl,-z,noexecstack
configure:14746: gcc -o conftest.exe -g -O2    -Wl,-z,noexecstack conftest.c  >&5
C:/msys64/mingw64/bin/../lib/gcc/x86_64-w64-mingw32/15.2.0/../../../../x86_64-w64-mingw32/bin/ld.exe: unrecognized option '-z'
C:/msys64/mingw64/bin/../lib/gcc/x86_64-w64-mingw32/15.2.0/../../../../x86_64-w64-mingw32/bin/ld.exe: use the --help option for usage information
collect2.exe: error: ld returned 1 exit status
configure:14746: $? = 1
configure: failed program was:
| /* confdefs.h */
| #define PACKAGE_NAME "httrack"
| #define PACKAGE_TARNAME "httrack"
| #define PACKAGE_VERSION "3.49.6"
| #define PACKAGE_STRING "httrack 3.49.6"
| #define PACKAGE_BUGREPORT "roche+packaging@httrack.com"
| #define PACKAGE_URL "http://www.httrack.com/"
| #define PACKAGE "httrack"
| #define VERSION "3.49.6"
| #define HAVE_STDIO_H 1
| #define HAVE_STDLIB_H 1
| #define HAVE_STRING_H 1
| #define HAVE_INTTYPES_H 1
| #define HAVE_STDINT_H 1
| #define HAVE_STRINGS_H 1
| #define HAVE_SYS_STAT_H 1
| #define HAVE_SYS_TYPES_H 1
| #define HAVE_UNISTD_H 1
| #define HAVE_WCHAR_H 1
| #define STDC_HEADERS 1
| #define _ALL_SOURCE 1
| #define _DARWIN_C_SOURCE 1
| #define _GNU_SOURCE 1
| #define _HPUX_ALT_XOPEN_SOCKET_API 1
| #define _NETBSD_SOURCE 1
| #define _OPENBSD_SOURCE 1
| #define _POSIX_PTHREAD_SEMANTICS 1
| #define __STDC_WANT_IEC_60559_ATTRIBS_EXT__ 1
| #define __STDC_WANT_IEC_60559_BFP_EXT__ 1
| #define __STDC_WANT_IEC_60559_DFP_EXT__ 1
| #define __STDC_WANT_IEC_60559_FUNCS_EXT__ 1
| #define __STDC_WANT_IEC_60559_TYPES_EXT__ 1
| #define __STDC_WANT_LIB_EXT2__ 1
| #define __STDC_WANT_MATH_SPEC_FUNCS__ 1
| #define _TANDEM_SOURCE 1
| #define __EXTENSIONS__ 1
| #define LT_OBJDIR ".libs/"
| /* end confdefs.h.  */
| 
| int
| main (void)
| {
| 
|   ;
|   return 0;
| }
configure:14756: result: no
configure:14769: checking whether C compiler accepts -fpie -pie
configure:14789: gcc -c -g -O2  -fpie -pie  conftest.c >&5
configure:14789: $? = 0
configure:14798: result: yes
configure:14807: checking whether the linker accepts -pie
configure:14827: gcc -o conftest.exe -g -O2    -pie conftest.c  >&5
configure:14827: $? = 0
configure:14837: result: yes
configure:14850: checking whether C compiler accepts -rdynamic
configure:14870: gcc -c -g -O2  -rdynamic  conftest.c >&5
gcc.exe: error: unrecognized command-line option '-rdynamic'
configure:14870: $? = 1
configure: failed program was:
| /* confdefs.h */
| #define PACKAGE_NAME "httrack"
| #define PACKAGE_TARNAME "httrack"
| #define PACKAGE_VERSION "3.49.6"
| #define PACKAGE_STRING "httrack 3.49.6"
| #define PACKAGE_BUGREPORT "roche+packaging@httrack.com"
| #define PACKAGE_URL "http://www.httrack.com/"
| #define PACKAGE "httrack"
| #define VERSION "3.49.6"
| #define HAVE_STDIO_H 1
| #define HAVE_STDLIB_H 1
| #define HAVE_STRING_H 1
| #define HAVE_INTTYPES_H 1
| #define HAVE_STDINT_H 1
| #define HAVE_STRINGS_H 1
| #define HAVE_SYS_STAT_H 1
| #define HAVE_SYS_TYPES_H 1
| #define HAVE_UNISTD_H 1
| #define HAVE_WCHAR_H 1
| #define STDC_HEADERS 1
| #define _ALL_SOURCE 1
| #define _DARWIN_C_SOURCE 1
| #define _GNU_SOURCE 1
| #define _HPUX_ALT_XOPEN_SOCKET_API 1
| #define _NETBSD_SOURCE 1
| #define _OPENBSD_SOURCE 1
| #define _POSIX_PTHREAD_SEMANTICS 1
| #define __STDC_WANT_IEC_60559_ATTRIBS_EXT__ 1
| #define __STDC_WANT_IEC_60559_BFP_EXT__ 1
| #define __STDC_WANT_IEC_60559_DFP_EXT__ 1
| #define __STDC_WANT_IEC_60559_FUNCS_EXT__ 1
| #define __STDC_WANT_IEC_60559_TYPES_EXT__ 1
| #define __STDC_WANT_LIB_EXT2__ 1
| #define __STDC_WANT_MATH_SPEC_FUNCS__ 1
| #define _TANDEM_SOURCE 1
| #define __EXTENSIONS__ 1
| #define LT_OBJDIR ".libs/"
| /* end confdefs.h.  */
| 
| int
| main (void)
| {
| 
|   ;
|   return 0;
| }
configure:14879: result: no
configure:14895: checking whether the -Werror option is usable
configure:14914: gcc -c -g -O2 -Werror  conftest.c >&5
configure:14914: $? = 0
configure:14924: result: yes
configure:14926: checking for simple visibility declarations
configure:14958: gcc -c -g -O2 -fvisibility=hidden -Werror  conftest.c >&5
conftest.c: In function 'hiddenfunc':
conftest.c:46:50: error: visibility attribute not supported in this configuration; ignored [-Werror=attributes]
   46 |               int hiddenfunc (void) { return 51; }
      |                                                  ^
conftest.c: At top level:
conftest.c:56:1: error: visibility attribute not supported in this configuration; ignored [-Werror=attributes]
   56 | }
      | ^
cc1.exe: all warnings being treated as errors
configure:14958: $? = 1
configure: failed program was:
| /* confdefs.h */
| #define PACKAGE_NAME "httrack"
| #define PACKAGE_TARNAME "httrack"
| #define PACKAGE_VERSION "3.49.6"
| #define PACKAGE_STRING "httrack 3.49.6"
| #define PACKAGE_BUGREPORT "roche+packaging@httrack.com"
| #define PACKAGE_URL "http://www.httrack.com/"
| #define PACKAGE "httrack"
| #define VERSION "3.49.6"
| #define HAVE_STDIO_H 1
| #define HAVE_STDLIB_H 1
| #define HAVE_STRING_H 1
| #define HAVE_INTTYPES_H 1
| #define HAVE_STDINT_H 1
| #define HAVE_STRINGS_H 1
| #define HAVE_SYS_STAT_H 1
| #define HAVE_SYS_TYPES_H 1
| #define HAVE_UNISTD_H 1
| #define HAVE_WCHAR_H 1
| #define STDC_HEADERS 1
| #define _ALL_SOURCE 1
| #define _DARWIN_C_SOURCE 1
| #define _GNU_SOURCE 1
| #define _HPUX_ALT_XOPEN_SOCKET_API 1
| #define _NETBSD_SOURCE 1
| #define _OPENBSD_SOURCE 1
| #define _POSIX_PTHREAD_SEMANTICS 1
| #define __STDC_WANT_IEC_60559_ATTRIBS_EXT__ 1
| #define __STDC_WANT_IEC_60559_BFP_EXT__ 1
| #define __STDC_WANT_IEC_60559_DFP_EXT__ 1
| #define __STDC_WANT_IEC_60559_FUNCS_EXT__ 1
| #define __STDC_WANT_IEC_60559_TYPES_EXT__ 1
| #define __STDC_WANT_LIB_EXT2__ 1
| #define __STDC_WANT_MATH_SPEC_FUNCS__ 1
| #define _TANDEM_SOURCE 1
| #define __EXTENSIONS__ 1
| #define LT_OBJDIR ".libs/"
| /* end confdefs.h.  */
| extern __attribute__((__visibility__("hidden"))) int hiddenvar;
|               extern __attribute__((__visibility__("default"))) int exportedvar;
|               extern __attribute__((__visibility__("hidden"))) int hiddenfunc (void);
|               extern __attribute__((__visibility__("default"))) int exportedfunc (void);
|               void dummyfunc (void);
|               int hiddenvar;
|               int exportedvar;
|               int hiddenfunc (void) { return 51; }
|               int exportedfunc (void) { return 1225736919; }
|               void dummyfunc (void) {}
| 
| int
| main (void)
| {
| 
|   ;
|   return 0;
| }
configure:14968: result: no
configure:14997: checking size of long
configure:15003: gcc -o conftest.exe -g -O2   conftest.c  >&5
configure:15003: $? = 0
configure:15003: ./conftest.exe
configure:15003: $? = 0
configure:15018: result: 4
configure:15030: checking size of long long
configure:15036: gcc -o conftest.exe -g -O2   conftest.c  >&5
configure:15036: $? = 0
configure:15036: ./conftest.exe
configure:15036: $? = 0
configure:15051: result: 8
configure:15061: checking for in_addr_t
configure:15061: gcc -c -g -O2  conftest.c >&5
conftest.c:43:10: fatal error: netinet/in.h: No such file or directory
   43 | #include <netinet/in.h>
      |          ^~~~~~~~~~~~~~
compilation terminated.
configure:15061: $? = 1
configure: failed program was:
| /* confdefs.h */
| #define PACKAGE_NAME "httrack"
| #define PACKAGE_TARNAME "httrack"
| #define PACKAGE_VERSION "3.49.6"
| #define PACKAGE_STRING "httrack 3.49.6"
| #define PACKAGE_BUGREPORT "roche+packaging@httrack.com"
| #define PACKAGE_URL "http://www.httrack.com/"
| #define PACKAGE "httrack"
| #define VERSION "3.49.6"
| #define HAVE_STDIO_H 1
| #define HAVE_STDLIB_H 1
| #define HAVE_STRING_H 1
| #define HAVE_INTTYPES_H 1
| #define HAVE_STDINT_H 1
| #define HAVE_STRINGS_H 1
| #define HAVE_SYS_STAT_H 1
| #define HAVE_SYS_TYPES_H 1
| #define HAVE_UNISTD_H 1
| #define HAVE_WCHAR_H 1
| #define STDC_HEADERS 1
| #define _ALL_SOURCE 1
| #define _DARWIN_C_SOURCE 1
| #define _GNU_SOURCE 1
| #define _HPUX_ALT_XOPEN_SOCKET_API 1
| #define _NETBSD_SOURCE 1
| #define _OPENBSD_SOURCE 1
| #define _POSIX_PTHREAD_SEMANTICS 1
| #define __STDC_WANT_IEC_60559_ATTRIBS_EXT__ 1
| #define __STDC_WANT_IEC_60559_BFP_EXT__ 1
| #define __STDC_WANT_IEC_60559_DFP_EXT__ 1
| #define __STDC_WANT_IEC_60559_FUNCS_EXT__ 1
| #define __STDC_WANT_IEC_60559_TYPES_EXT__ 1
| #define __STDC_WANT_LIB_EXT2__ 1
| #define __STDC_WANT_MATH_SPEC_FUNCS__ 1
| #define _TANDEM_SOURCE 1
| #define __EXTENSIONS__ 1
| #define LT_OBJDIR ".libs/"
| #define HAVE_VISIBILITY 0
| #define SIZEOF_LONG 4
| #define SIZEOF_LONG_LONG 8
| /* end confdefs.h.  */
| #include <sys/types.h>
| #include <netinet/in.h>
| #include <arpa/inet.h>
| 
| int
| main (void)
| {
| if (sizeof (in_addr_t))
| 	 return 0;
|   ;
|   return 0;
| }
configure:15061: result: no
configure:15071: WARNING: *** in_addr_t not found
configure:15077: checking for in_port_t
configure:15077: gcc -c -g -O2  conftest.c >&5
conftest.c:44:10: fatal error: netinet/in.h: No such file or directory
   44 | #include <netinet/in.h>
      |          ^~~~~~~~~~~~~~
compilation terminated.
configure:15077: $? = 1
configure: failed program was:
| /* confdefs.h */
| #define PACKAGE_NAME "httrack"
| #define PACKAGE_TARNAME "httrack"
| #define PACKAGE_VERSION "3.49.6"
| #define PACKAGE_STRING "httrack 3.49.6"
| #define PACKAGE_BUGREPORT "roche+packaging@httrack.com"
| #define PACKAGE_URL "http://www.httrack.com/"
| #define PACKAGE "httrack"
| #define VERSION "3.49.6"
| #define HAVE_STDIO_H 1
| #define HAVE_STDLIB_H 1
| #define HAVE_STRING_H 1
| #define HAVE_INTTYPES_H 1
| #define HAVE_STDINT_H 1
| #define HAVE_STRINGS_H 1
| #define HAVE_SYS_STAT_H 1
| #define HAVE_SYS_TYPES_H 1
| #define HAVE_UNISTD_H 1
| #define HAVE_WCHAR_H 1
| #define STDC_HEADERS 1
| #define _ALL_SOURCE 1
| #define _DARWIN_C_SOURCE 1
| #define _GNU_SOURCE 1
| #define _HPUX_ALT_XOPEN_SOCKET_API 1
| #define _NETBSD_SOURCE 1
| #define _OPENBSD_SOURCE 1
| #define _POSIX_PTHREAD_SEMANTICS 1
| #define __STDC_WANT_IEC_60559_ATTRIBS_EXT__ 1
| #define __STDC_WANT_IEC_60559_BFP_EXT__ 1
| #define __STDC_WANT_IEC_60559_DFP_EXT__ 1
| #define __STDC_WANT_IEC_60559_FUNCS_EXT__ 1
| #define __STDC_WANT_IEC_60559_TYPES_EXT__ 1
| #define __STDC_WANT_LIB_EXT2__ 1
| #define __STDC_WANT_MATH_SPEC_FUNCS__ 1
| #define _TANDEM_SOURCE 1
| #define __EXTENSIONS__ 1
| #define LT_OBJDIR ".libs/"
| #define HAVE_VISIBILITY 0
| #define SIZEOF_LONG 4
| #define SIZEOF_LONG_LONG 8
| /* end confdefs.h.  */
| 
| #include <sys/types.h>
| #include <netinet/in.h>
| 
| 
| int
| main (void)
| {
| if (sizeof (in_port_t))
| 	 return 0;
|   ;
|   return 0;
| }
configure:15077: result: no
configure:15093: checking for sa_family_t
configure:15093: gcc -c -g -O2  conftest.c >&5
conftest.c:45:10: fatal error: netinet/in.h: No such file or directory
   45 | #include <netinet/in.h>
      |          ^~~~~~~~~~~~~~
compilation terminated.
configure:15093: $? = 1
configure: failed program was:
| /* confdefs.h */
| #define PACKAGE_NAME "httrack"
| #define PACKAGE_TARNAME "httrack"
| #define PACKAGE_VERSION "3.49.6"
| #define PACKAGE_STRING "httrack 3.49.6"
| #define PACKAGE_BUGREPORT "roche+packaging@httrack.com"
| #define PACKAGE_URL "http://www.httrack.com/"
| #define PACKAGE "httrack"
| #define VERSION "3.49.6"
| #define HAVE_STDIO_H 1
| #define HAVE_STDLIB_H 1
| #define HAVE_STRING_H 1
| #define HAVE_INTTYPES_H 1
| #define HAVE_STDINT_H 1
| #define HAVE_STRINGS_H 1
| #define HAVE_SYS_STAT_H 1
| #define HAVE_SYS_TYPES_H 1
| #define HAVE_UNISTD_H 1
| #define HAVE_WCHAR_H 1
| #define STDC_HEADERS 1
| #define _ALL_SOURCE 1
| #define _DARWIN_C_SOURCE 1
| #define _GNU_SOURCE 1
| #define _HPUX_ALT_XOPEN_SOCKET_API 1
| #define _NETBSD_SOURCE 1
| #define _OPENBSD_SOURCE 1
| #define _POSIX_PTHREAD_SEMANTICS 1
| #define __STDC_WANT_IEC_60559_ATTRIBS_EXT__ 1
| #define __STDC_WANT_IEC_60559_BFP_EXT__ 1
| #define __STDC_WANT_IEC_60559_DFP_EXT__ 1
| #define __STDC_WANT_IEC_60559_FUNCS_EXT__ 1
| #define __STDC_WANT_IEC_60559_TYPES_EXT__ 1
| #define __STDC_WANT_LIB_EXT2__ 1
| #define __STDC_WANT_MATH_SPEC_FUNCS__ 1
| #define _TANDEM_SOURCE 1
| #define __EXTENSIONS__ 1
| #define LT_OBJDIR ".libs/"
| #define HAVE_VISIBILITY 0
| #define SIZEOF_LONG 4
| #define SIZEOF_LONG_LONG 8
| #define in_port_t uint16_t
| /* end confdefs.h.  */
| 
| #include <sys/types.h>
| #include <netinet/in.h>
| 
| 
| int
| main (void)
| {
| if (sizeof (sa_family_t))
| 	 return 0;
|   ;
|   return 0;
| }
configure:15093: result: no
configure:15109: checking if pointers to integers require aligned access
configure:15143: gcc -o conftest.exe -g -O2   conftest.c  >&5
configure:15143: $? = 0
configure:15143: ./conftest.exe
configure:15143: $? = 0
configure:15154: result: no
configure:15171: checking for execinfo.h
configure:15171: gcc -c -g -O2  conftest.c >&5
conftest.c:72:10: fatal error: execinfo.h: No such file or directory
   72 | #include <execinfo.h>
      |          ^~~~~~~~~~~~
compilation terminated.
configure:15171: $? = 1
configure: failed program was:
| /* confdefs.h */
| #define PACKAGE_NAME "httrack"
| #define PACKAGE_TARNAME "httrack"
| #define PACKAGE_VERSION "3.49.6"
| #define PACKAGE_STRING "httrack 3.49.6"
| #define PACKAGE_BUGREPORT "roche+packaging@httrack.com"
| #define PACKAGE_URL "http://www.httrack.com/"
| #define PACKAGE "httrack"
| #define VERSION "3.49.6"
| #define HAVE_STDIO_H 1
| #define HAVE_STDLIB_H 1
| #define HAVE_STRING_H 1
| #define HAVE_INTTYPES_H 1
| #define HAVE_STDINT_H 1
| #define HAVE_STRINGS_H 1
| #define HAVE_SYS_STAT_H 1
| #define HAVE_SYS_TYPES_H 1
| #define HAVE_UNISTD_H 1
| #define HAVE_WCHAR_H 1
| #define STDC_HEADERS 1
| #define _ALL_SOURCE 1
| #define _DARWIN_C_SOURCE 1
| #define _GNU_SOURCE 1
| #define _HPUX_ALT_XOPEN_SOCKET_API 1
| #define _NETBSD_SOURCE 1
| #define _OPENBSD_SOURCE 1
| #define _POSIX_PTHREAD_SEMANTICS 1
| #define __STDC_WANT_IEC_60559_ATTRIBS_EXT__ 1
| #define __STDC_WANT_IEC_60559_BFP_EXT__ 1
| #define __STDC_WANT_IEC_60559_DFP_EXT__ 1
| #define __STDC_WANT_IEC_60559_FUNCS_EXT__ 1
| #define __STDC_WANT_IEC_60559_TYPES_EXT__ 1
| #define __STDC_WANT_LIB_EXT2__ 1
| #define __STDC_WANT_MATH_SPEC_FUNCS__ 1
| #define _TANDEM_SOURCE 1
| #define __EXTENSIONS__ 1
| #define LT_OBJDIR ".libs/"
| #define HAVE_VISIBILITY 0
| #define SIZEOF_LONG 4
| #define SIZEOF_LONG_LONG 8
| #define in_port_t uint16_t
| #define sa_family_t uint16_t
| /* end confdefs.h.  */
| #include <stddef.h>
| #ifdef HAVE_STDIO_H
| # include <stdio.h>
| #endif
| #ifdef HAVE_STDLIB_H
| # include <stdlib.h>
| #endif
| #ifdef HAVE_STRING_H
| # include <string.h>
| #endif
| #ifdef HAVE_INTTYPES_H
| # include <inttypes.h>
| #endif
| #ifdef HAVE_STDINT_H
| # include <stdint.h>
| #endif
| #ifdef HAVE_STRINGS_H
| # include <strings.h>
| #endif
| #ifdef HAVE_SYS_TYPES_H
| # include <sys/types.h>
| #endif
| #ifdef HAVE_SYS_STAT_H
| # include <sys/stat.h>
| #endif
| #ifdef HAVE_UNISTD_H
| # include <unistd.h>
| #endif
| #include <execinfo.h>
configure:15171: result: no
configure:15183: checking if zlib is wanted
configure:15190: result: yes
configure:15226: checking for inflateEnd in -lz
configure:15249: gcc -o conftest.exe -g -O2  -I/mingw64/include  -L/mingw64/lib conftest.c -lz   >&5
configure:15249: $? = 0
configure:15259: result: yes
configure:15268: checking for zlib.h
configure:15268: gcc -c -g -O2  -I/mingw64/include conftest.c >&5
configure:15268: $? = 0
configure:15268: result: yes
configure:15287: checking for inflateEnd in -lz
configure:15320: result: yes
configure:15330: checking zlib in /mingw64
configure:15332: result: ok
configure:15351: checking whether to enable https support
configure:15371: result: yes
configure:15387: checking for EVP_get_digestbyname in -lcrypto
configure:15410: gcc -o conftest.exe -g -O2  -I/mingw64/include  -L/mingw64/lib conftest.c -lcrypto  -lz  >&5
configure:15410: $? = 0
configure:15420: result: yes
configure:15431: checking for SSL_CTX_new in -lssl
configure:15454: gcc -o conftest.exe -g -O2  -I/mingw64/include  -L/mingw64/lib conftest.c -lssl  -lz  -lcrypto >&5
configure:15454: $? = 0
configure:15464: result: yes
configure:15491: checking for getaddrinfo in -lc
configure:15514: gcc -o conftest.exe -g -O2  -I/mingw64/include  -L/mingw64/lib conftest.c -lc  -lz  >&5
C:/msys64/mingw64/bin/../lib/gcc/x86_64-w64-mingw32/15.2.0/../../../../x86_64-w64-mingw32/bin/ld.exe: cannot find -lc: No such file or directory
collect2.exe: error: ld returned 1 exit status
configure:15514: $? = 1
configure: failed program was:
| /* confdefs.h */
| #define PACKAGE_NAME "httrack"
| #define PACKAGE_TARNAME "httrack"
| #define PACKAGE_VERSION "3.49.6"
| #define PACKAGE_STRING "httrack 3.49.6"
| #define PACKAGE_BUGREPORT "roche+packaging@httrack.com"
| #define PACKAGE_URL "http://www.httrack.com/"
| #define PACKAGE "httrack"
| #define VERSION "3.49.6"
| #define HAVE_STDIO_H 1
| #define HAVE_STDLIB_H 1
| #define HAVE_STRING_H 1
| #define HAVE_INTTYPES_H 1
| #define HAVE_STDINT_H 1
| #define HAVE_STRINGS_H 1
| #define HAVE_SYS_STAT_H 1
| #define HAVE_SYS_TYPES_H 1
| #define HAVE_UNISTD_H 1
| #define HAVE_WCHAR_H 1
| #define STDC_HEADERS 1
| #define _ALL_SOURCE 1
| #define _DARWIN_C_SOURCE 1
| #define _GNU_SOURCE 1
| #define _HPUX_ALT_XOPEN_SOCKET_API 1
| #define _NETBSD_SOURCE 1
| #define _OPENBSD_SOURCE 1
| #define _POSIX_PTHREAD_SEMANTICS 1
| #define __STDC_WANT_IEC_60559_ATTRIBS_EXT__ 1
| #define __STDC_WANT_IEC_60559_BFP_EXT__ 1
| #define __STDC_WANT_IEC_60559_DFP_EXT__ 1
| #define __STDC_WANT_IEC_60559_FUNCS_EXT__ 1
| #define __STDC_WANT_IEC_60559_TYPES_EXT__ 1
| #define __STDC_WANT_LIB_EXT2__ 1
| #define __STDC_WANT_MATH_SPEC_FUNCS__ 1
| #define _TANDEM_SOURCE 1
| #define __EXTENSIONS__ 1
| #define LT_OBJDIR ".libs/"
| #define HAVE_VISIBILITY 0
| #define SIZEOF_LONG 4
| #define SIZEOF_LONG_LONG 8
| #define in_port_t uint16_t
| #define sa_family_t uint16_t
| #define HAVE_LIBZ 1
| #define HTS_USEOPENSSL 1
| /* end confdefs.h.  */
| 
| /* Override any GCC internal prototype to avoid an error.
|    Use char because int might match the return type of a GCC
|    builtin and then its argument prototype would still apply.  */
| char getaddrinfo ();
| int
| main (void)
| {
| return getaddrinfo ();
|   ;
|   return 0;
| }
configure:15524: result: no
configure:15533: WARNING: *** IPv6 not found IPv6 compatibility disabled
configure:15540: checking for fopen64 in -lc
configure:15563: gcc -o conftest.exe -g -O2  -I/mingw64/include  -L/mingw64/lib conftest.c -lc  -lz  >&5
C:/msys64/mingw64/bin/../lib/gcc/x86_64-w64-mingw32/15.2.0/../../../../x86_64-w64-mingw32/bin/ld.exe: cannot find -lc: No such file or directory
collect2.exe: error: ld returned 1 exit status
configure:15563: $? = 1
configure: failed program was:
| /* confdefs.h */
| #define PACKAGE_NAME "httrack"
| #define PACKAGE_TARNAME "httrack"
| #define PACKAGE_VERSION "3.49.6"
| #define PACKAGE_STRING "httrack 3.49.6"
| #define PACKAGE_BUGREPORT "roche+packaging@httrack.com"
| #define PACKAGE_URL "http://www.httrack.com/"
| #define PACKAGE "httrack"
| #define VERSION "3.49.6"
| #define HAVE_STDIO_H 1
| #define HAVE_STDLIB_H 1
| #define HAVE_STRING_H 1
| #define HAVE_INTTYPES_H 1
| #define HAVE_STDINT_H 1
| #define HAVE_STRINGS_H 1
| #define HAVE_SYS_STAT_H 1
| #define HAVE_SYS_TYPES_H 1
| #define HAVE_UNISTD_H 1
| #define HAVE_WCHAR_H 1
| #define STDC_HEADERS 1
| #define _ALL_SOURCE 1
| #define _DARWIN_C_SOURCE 1
| #define _GNU_SOURCE 1
| #define _HPUX_ALT_XOPEN_SOCKET_API 1
| #define _NETBSD_SOURCE 1
| #define _OPENBSD_SOURCE 1
| #define _POSIX_PTHREAD_SEMANTICS 1
| #define __STDC_WANT_IEC_60559_ATTRIBS_EXT__ 1
| #define __STDC_WANT_IEC_60559_BFP_EXT__ 1
| #define __STDC_WANT_IEC_60559_DFP_EXT__ 1
| #define __STDC_WANT_IEC_60559_FUNCS_EXT__ 1
| #define __STDC_WANT_IEC_60559_TYPES_EXT__ 1
| #define __STDC_WANT_LIB_EXT2__ 1
| #define __STDC_WANT_MATH_SPEC_FUNCS__ 1
| #define _TANDEM_SOURCE 1
| #define __EXTENSIONS__ 1
| #define LT_OBJDIR ".libs/"
| #define HAVE_VISIBILITY 0
| #define SIZEOF_LONG 4
| #define SIZEOF_LONG_LONG 8
| #define in_port_t uint16_t
| #define sa_family_t uint16_t
| #define HAVE_LIBZ 1
| #define HTS_USEOPENSSL 1
| /* end confdefs.h.  */
| 
| /* Override any GCC internal prototype to avoid an error.
|    Use char because int might match the return type of a GCC
|    builtin and then its argument prototype would still apply.  */
| char fopen64 ();
| int
| main (void)
| {
| return fopen64 ();
|   ;
|   return 0;
| }
configure:15573: result: no
configure:15582: result: not found
configure:15589: checking for pthread_create in -lpthread
configure:15612: gcc -o conftest.exe -g -O2  -I/mingw64/include  -L/mingw64/lib conftest.c -lpthread  -lz  >&5
configure:15612: $? = 0
configure:15622: result: yes
configure:15743: result: using -lws2_32 for Windows
configure:15802: checking for iconv in -liconv
configure:15825: gcc -o conftest.exe -g -O2  -I/mingw64/include  -L/mingw64/lib conftest.c -liconv  -lz  >&5
C:/msys64/mingw64/bin/../lib/gcc/x86_64-w64-mingw32/15.2.0/../../../../x86_64-w64-mingw32/bin/ld.exe: C:\msys64\tmp\ccWroesz.o: in function `main':
C:/git/research/httrack/conftest.c:55:(.text.startup+0xa): undefined reference to `iconv'
collect2.exe: error: ld returned 1 exit status
configure:15825: $? = 1
configure: failed program was:
| /* confdefs.h */
| #define PACKAGE_NAME "httrack"
| #define PACKAGE_TARNAME "httrack"
| #define PACKAGE_VERSION "3.49.6"
| #define PACKAGE_STRING "httrack 3.49.6"
| #define PACKAGE_BUGREPORT "roche+packaging@httrack.com"
| #define PACKAGE_URL "http://www.httrack.com/"
| #define PACKAGE "httrack"
| #define VERSION "3.49.6"
| #define HAVE_STDIO_H 1
| #define HAVE_STDLIB_H 1
| #define HAVE_STRING_H 1
| #define HAVE_INTTYPES_H 1
| #define HAVE_STDINT_H 1
| #define HAVE_STRINGS_H 1
| #define HAVE_SYS_STAT_H 1
| #define HAVE_SYS_TYPES_H 1
| #define HAVE_UNISTD_H 1
| #define HAVE_WCHAR_H 1
| #define STDC_HEADERS 1
| #define _ALL_SOURCE 1
| #define _DARWIN_C_SOURCE 1
| #define _GNU_SOURCE 1
| #define _HPUX_ALT_XOPEN_SOCKET_API 1
| #define _NETBSD_SOURCE 1
| #define _OPENBSD_SOURCE 1
| #define _POSIX_PTHREAD_SEMANTICS 1
| #define __STDC_WANT_IEC_60559_ATTRIBS_EXT__ 1
| #define __STDC_WANT_IEC_60559_BFP_EXT__ 1
| #define __STDC_WANT_IEC_60559_DFP_EXT__ 1
| #define __STDC_WANT_IEC_60559_FUNCS_EXT__ 1
| #define __STDC_WANT_IEC_60559_TYPES_EXT__ 1
| #define __STDC_WANT_LIB_EXT2__ 1
| #define __STDC_WANT_MATH_SPEC_FUNCS__ 1
| #define _TANDEM_SOURCE 1
| #define __EXTENSIONS__ 1
| #define LT_OBJDIR ".libs/"
| #define HAVE_VISIBILITY 0
| #define SIZEOF_LONG 4
| #define SIZEOF_LONG_LONG 8
| #define in_port_t uint16_t
| #define sa_family_t uint16_t
| #define HAVE_LIBZ 1
| #define HTS_USEOPENSSL 1
| #define THREADS 1
| /* end confdefs.h.  */
| 
| /* Override any GCC internal prototype to avoid an error.
|    Use char because int might match the return type of a GCC
|    builtin and then its argument prototype would still apply.  */
| char iconv ();
| int
| main (void)
| {
| return iconv ();
|   ;
|   return 0;
| }
configure:15835: result: no
configure:15844: result: not necessary
configure:15851: checking for dlopen in -ldl
configure:15874: gcc -o conftest.exe -g -O2  -I/mingw64/include  -L/mingw64/lib conftest.c -ldl  -lz  >&5
C:/msys64/mingw64/bin/../lib/gcc/x86_64-w64-mingw32/15.2.0/../../../../x86_64-w64-mingw32/bin/ld.exe: cannot find -ldl: No such file or directory
collect2.exe: error: ld returned 1 exit status
configure:15874: $? = 1
configure: failed program was:
| /* confdefs.h */
| #define PACKAGE_NAME "httrack"
| #define PACKAGE_TARNAME "httrack"
| #define PACKAGE_VERSION "3.49.6"
| #define PACKAGE_STRING "httrack 3.49.6"
| #define PACKAGE_BUGREPORT "roche+packaging@httrack.com"
| #define PACKAGE_URL "http://www.httrack.com/"
| #define PACKAGE "httrack"
| #define VERSION "3.49.6"
| #define HAVE_STDIO_H 1
| #define HAVE_STDLIB_H 1
| #define HAVE_STRING_H 1
| #define HAVE_INTTYPES_H 1
| #define HAVE_STDINT_H 1
| #define HAVE_STRINGS_H 1
| #define HAVE_SYS_STAT_H 1
| #define HAVE_SYS_TYPES_H 1
| #define HAVE_UNISTD_H 1
| #define HAVE_WCHAR_H 1
| #define STDC_HEADERS 1
| #define _ALL_SOURCE 1
| #define _DARWIN_C_SOURCE 1
| #define _GNU_SOURCE 1
| #define _HPUX_ALT_XOPEN_SOCKET_API 1
| #define _NETBSD_SOURCE 1
| #define _OPENBSD_SOURCE 1
| #define _POSIX_PTHREAD_SEMANTICS 1
| #define __STDC_WANT_IEC_60559_ATTRIBS_EXT__ 1
| #define __STDC_WANT_IEC_60559_BFP_EXT__ 1
| #define __STDC_WANT_IEC_60559_DFP_EXT__ 1
| #define __STDC_WANT_IEC_60559_FUNCS_EXT__ 1
| #define __STDC_WANT_IEC_60559_TYPES_EXT__ 1
| #define __STDC_WANT_LIB_EXT2__ 1
| #define __STDC_WANT_MATH_SPEC_FUNCS__ 1
| #define _TANDEM_SOURCE 1
| #define __EXTENSIONS__ 1
| #define LT_OBJDIR ".libs/"
| #define HAVE_VISIBILITY 0
| #define SIZEOF_LONG 4
| #define SIZEOF_LONG_LONG 8
| #define in_port_t uint16_t
| #define sa_family_t uint16_t
| #define HAVE_LIBZ 1
| #define HTS_USEOPENSSL 1
| #define THREADS 1
| /* end confdefs.h.  */
| 
| /* Override any GCC internal prototype to avoid an error.
|    Use char because int might match the return type of a GCC
|    builtin and then its argument prototype would still apply.  */
| char dlopen ();
| int
| main (void)
| {
| return dlopen ();
|   ;
|   return 0;
| }
configure:15884: result: no
configure:15893: result: not found
configure:15900: checking for dlopen in -lc
configure:15923: gcc -o conftest.exe -g -O2  -I/mingw64/include  -L/mingw64/lib conftest.c -lc  -lz  >&5
C:/msys64/mingw64/bin/../lib/gcc/x86_64-w64-mingw32/15.2.0/../../../../x86_64-w64-mingw32/bin/ld.exe: cannot find -lc: No such file or directory
collect2.exe: error: ld returned 1 exit status
configure:15923: $? = 1
configure: failed program was:
| /* confdefs.h */
| #define PACKAGE_NAME "httrack"
| #define PACKAGE_TARNAME "httrack"
| #define PACKAGE_VERSION "3.49.6"
| #define PACKAGE_STRING "httrack 3.49.6"
| #define PACKAGE_BUGREPORT "roche+packaging@httrack.com"
| #define PACKAGE_URL "http://www.httrack.com/"
| #define PACKAGE "httrack"
| #define VERSION "3.49.6"
| #define HAVE_STDIO_H 1
| #define HAVE_STDLIB_H 1
| #define HAVE_STRING_H 1
| #define HAVE_INTTYPES_H 1
| #define HAVE_STDINT_H 1
| #define HAVE_STRINGS_H 1
| #define HAVE_SYS_STAT_H 1
| #define HAVE_SYS_TYPES_H 1
| #define HAVE_UNISTD_H 1
| #define HAVE_WCHAR_H 1
| #define STDC_HEADERS 1
| #define _ALL_SOURCE 1
| #define _DARWIN_C_SOURCE 1
| #define _GNU_SOURCE 1
| #define _HPUX_ALT_XOPEN_SOCKET_API 1
| #define _NETBSD_SOURCE 1
| #define _OPENBSD_SOURCE 1
| #define _POSIX_PTHREAD_SEMANTICS 1
| #define __STDC_WANT_IEC_60559_ATTRIBS_EXT__ 1
| #define __STDC_WANT_IEC_60559_BFP_EXT__ 1
| #define __STDC_WANT_IEC_60559_DFP_EXT__ 1
| #define __STDC_WANT_IEC_60559_FUNCS_EXT__ 1
| #define __STDC_WANT_IEC_60559_TYPES_EXT__ 1
| #define __STDC_WANT_LIB_EXT2__ 1
| #define __STDC_WANT_MATH_SPEC_FUNCS__ 1
| #define _TANDEM_SOURCE 1
| #define __EXTENSIONS__ 1
| #define LT_OBJDIR ".libs/"
| #define HAVE_VISIBILITY 0
| #define SIZEOF_LONG 4
| #define SIZEOF_LONG_LONG 8
| #define in_port_t uint16_t
| #define sa_family_t uint16_t
| #define HAVE_LIBZ 1
| #define HTS_USEOPENSSL 1
| #define THREADS 1
| /* end confdefs.h.  */
| 
| /* Override any GCC internal prototype to avoid an error.
|    Use char because int might match the return type of a GCC
|    builtin and then its argument prototype would still apply.  */
| char dlopen ();
| int
| main (void)
| {
| return dlopen ();
|   ;
|   return 0;
| }
configure:15933: result: no
configure:15942: WARNING: *** not found * this is bad
configure:15950: checking for setuid in -lc
configure:15973: gcc -o conftest.exe -g -O2  -I/mingw64/include  -L/mingw64/lib conftest.c -lc  -lz  >&5
C:/msys64/mingw64/bin/../lib/gcc/x86_64-w64-mingw32/15.2.0/../../../../x86_64-w64-mingw32/bin/ld.exe: cannot find -lc: No such file or directory
collect2.exe: error: ld returned 1 exit status
configure:15973: $? = 1
configure: failed program was:
| /* confdefs.h */
| #define PACKAGE_NAME "httrack"
| #define PACKAGE_TARNAME "httrack"
| #define PACKAGE_VERSION "3.49.6"
| #define PACKAGE_STRING "httrack 3.49.6"
| #define PACKAGE_BUGREPORT "roche+packaging@httrack.com"
| #define PACKAGE_URL "http://www.httrack.com/"
| #define PACKAGE "httrack"
| #define VERSION "3.49.6"
| #define HAVE_STDIO_H 1
| #define HAVE_STDLIB_H 1
| #define HAVE_STRING_H 1
| #define HAVE_INTTYPES_H 1
| #define HAVE_STDINT_H 1
| #define HAVE_STRINGS_H 1
| #define HAVE_SYS_STAT_H 1
| #define HAVE_SYS_TYPES_H 1
| #define HAVE_UNISTD_H 1
| #define HAVE_WCHAR_H 1
| #define STDC_HEADERS 1
| #define _ALL_SOURCE 1
| #define _DARWIN_C_SOURCE 1
| #define _GNU_SOURCE 1
| #define _HPUX_ALT_XOPEN_SOCKET_API 1
| #define _NETBSD_SOURCE 1
| #define _OPENBSD_SOURCE 1
| #define _POSIX_PTHREAD_SEMANTICS 1
| #define __STDC_WANT_IEC_60559_ATTRIBS_EXT__ 1
| #define __STDC_WANT_IEC_60559_BFP_EXT__ 1
| #define __STDC_WANT_IEC_60559_DFP_EXT__ 1
| #define __STDC_WANT_IEC_60559_FUNCS_EXT__ 1
| #define __STDC_WANT_IEC_60559_TYPES_EXT__ 1
| #define __STDC_WANT_LIB_EXT2__ 1
| #define __STDC_WANT_MATH_SPEC_FUNCS__ 1
| #define _TANDEM_SOURCE 1
| #define __EXTENSIONS__ 1
| #define LT_OBJDIR ".libs/"
| #define HAVE_VISIBILITY 0
| #define SIZEOF_LONG 4
| #define SIZEOF_LONG_LONG 8
| #define in_port_t uint16_t
| #define sa_family_t uint16_t
| #define HAVE_LIBZ 1
| #define HTS_USEOPENSSL 1
| #define THREADS 1
| /* end confdefs.h.  */
| 
| /* Override any GCC internal prototype to avoid an error.
|    Use char because int might match the return type of a GCC
|    builtin and then its argument prototype would still apply.  */
| char setuid ();
| int
| main (void)
| {
| return setuid ();
|   ;
|   return 0;
| }
configure:15983: result: no
configure:15992: result: not found
configure:15998: checking for snprintf
configure:15998: gcc -o conftest.exe -g -O2  -I/mingw64/include  -L/mingw64/lib conftest.c -lz  >&5
conftest.c:63:6: warning: conflicting types for built-in function 'snprintf'; expected 'int(char *, long long unsigned int,  const char *, ...)' [-Wbuiltin-declaration-mismatch]
   63 | char snprintf ();
      |      ^~~~~~~~
conftest.c:55:1: note: 'snprintf' is declared in header '<stdio.h>'
   54 | #include <limits.h>
   55 | #undef snprintf
configure:15998: $? = 0
configure:15998: result: yes
configure:16004: checking for vsnprintf
configure:16004: gcc -o conftest.exe -g -O2  -I/mingw64/include  -L/mingw64/lib conftest.c -lz  >&5
conftest.c:64:6: warning: conflicting types for built-in function 'vsnprintf'; expected 'int(char *, long long unsigned int,  const char *, char *)' [-Wbuiltin-declaration-mismatch]
   64 | char vsnprintf ();
      |      ^~~~~~~~~
conftest.c:56:1: note: 'vsnprintf' is declared in header '<stdio.h>'
   55 | #include <limits.h>
   56 | #undef vsnprintf
configure:16004: $? = 0
configure:16004: result: yes
configure:16011: checking for working snprintf
configure:16041: gcc -o conftest.exe -g -O2  -I/mingw64/include  -L/mingw64/lib conftest.c -lz  >&5
configure:16041: $? = 0
configure:16041: ./conftest.exe
configure:16041: $? = 0
configure:16053: result: yes
configure:16055: checking for working vsnprintf
configure:16096: gcc -o conftest.exe -g -O2  -I/mingw64/include  -L/mingw64/lib conftest.c -lz  >&5
configure:16096: $? = 0
configure:16096: ./conftest.exe
configure:16096: $? = 0
configure:16108: result: yes
configure:16125: checking for strnlen in -lc
configure:16148: gcc -o conftest.exe -g -O2  -I/mingw64/include  -L/mingw64/lib conftest.c -lc  -lz  >&5
conftest.c:53:6: warning: conflicting types for built-in function 'strnlen'; expected 'long long unsigned int(const char *, long long unsigned int)' [-Wbuiltin-declaration-mismatch]
   53 | char strnlen ();
      |      ^~~~~~~
C:/msys64/mingw64/bin/../lib/gcc/x86_64-w64-mingw32/15.2.0/../../../../x86_64-w64-mingw32/bin/ld.exe: cannot find -lc: No such file or directory
collect2.exe: error: ld returned 1 exit status
configure:16148: $? = 1
configure: failed program was:
| /* confdefs.h */
| #define PACKAGE_NAME "httrack"
| #define PACKAGE_TARNAME "httrack"
| #define PACKAGE_VERSION "3.49.6"
| #define PACKAGE_STRING "httrack 3.49.6"
| #define PACKAGE_BUGREPORT "roche+packaging@httrack.com"
| #define PACKAGE_URL "http://www.httrack.com/"
| #define PACKAGE "httrack"
| #define VERSION "3.49.6"
| #define HAVE_STDIO_H 1
| #define HAVE_STDLIB_H 1
| #define HAVE_STRING_H 1
| #define HAVE_INTTYPES_H 1
| #define HAVE_STDINT_H 1
| #define HAVE_STRINGS_H 1
| #define HAVE_SYS_STAT_H 1
| #define HAVE_SYS_TYPES_H 1
| #define HAVE_UNISTD_H 1
| #define HAVE_WCHAR_H 1
| #define STDC_HEADERS 1
| #define _ALL_SOURCE 1
| #define _DARWIN_C_SOURCE 1
| #define _GNU_SOURCE 1
| #define _HPUX_ALT_XOPEN_SOCKET_API 1
| #define _NETBSD_SOURCE 1
| #define _OPENBSD_SOURCE 1
| #define _POSIX_PTHREAD_SEMANTICS 1
| #define __STDC_WANT_IEC_60559_ATTRIBS_EXT__ 1
| #define __STDC_WANT_IEC_60559_BFP_EXT__ 1
| #define __STDC_WANT_IEC_60559_DFP_EXT__ 1
| #define __STDC_WANT_IEC_60559_FUNCS_EXT__ 1
| #define __STDC_WANT_IEC_60559_TYPES_EXT__ 1
| #define __STDC_WANT_LIB_EXT2__ 1
| #define __STDC_WANT_MATH_SPEC_FUNCS__ 1
| #define _TANDEM_SOURCE 1
| #define __EXTENSIONS__ 1
| #define LT_OBJDIR ".libs/"
| #define HAVE_VISIBILITY 0
| #define SIZEOF_LONG 4
| #define SIZEOF_LONG_LONG 8
| #define in_port_t uint16_t
| #define sa_family_t uint16_t
| #define HAVE_LIBZ 1
| #define HTS_USEOPENSSL 1
| #define THREADS 1
| #define HAVE_SNPRINTF 1
| #define HAVE_VSNPRINTF 1
| /* end confdefs.h.  */
| 
| /* Override any GCC internal prototype to avoid an error.
|    Use char because int might match the return type of a GCC
|    builtin and then its argument prototype would still apply.  */
| char strnlen ();
| int
| main (void)
| {
| return strnlen ();
|   ;
|   return 0;
| }
configure:16158: result: no
configure:16167: result: not found
configure:16173: checking whether to enable online unit tests
configure:16193: result: no
configure:16313: checking that generated files are newer than configure
configure:16319: result: done
configure:16350: creating ./config.status

## ---------------------- ##
## Running config.status. ##
## ---------------------- ##

This file was extended by httrack config.status 3.49.6, which was
generated by GNU Autoconf 2.71.  Invocation command line was

  CONFIG_FILES    = 
  CONFIG_HEADERS  = 
  CONFIG_LINKS    = 
  CONFIG_COMMANDS = 
  $ ./config.status 

on DESKTOP-FEH38TF

config.status:1157: creating Makefile
config.status:1157: creating src/Makefile
config.status:1157: creating man/Makefile
config.status:1157: creating m4/Makefile
config.status:1157: creating templates/Makefile
config.status:1157: creating lang/Makefile
config.status:1157: creating html/Makefile
config.status:1157: creating libtest/Makefile
config.status:1157: creating tests/Makefile
config.status:1157: creating config.h
config.status:1338: config.h is unchanged
config.status:1386: executing depfiles commands
config.status:1461: cd src       && sed -e '/# am--include-marker/d' Makefile         | make -f - am--depfiles
make: Nothing to be done for 'am--depfiles'.
config.status:1468: $? = 0
config.status:1461: cd libtest       && sed -e '/# am--include-marker/d' Makefile         | make -f - am--depfiles
make: Nothing to be done for 'am--depfiles'.
config.status:1468: $? = 0
config.status:1386: executing libtool commands

## ---------------- ##
## Cache variables. ##
## ---------------- ##

ac_cv_build=x86_64-w64-mingw32
ac_cv_c_compiler_gnu=yes
ac_cv_env_CC_set=
ac_cv_env_CC_value=
ac_cv_env_CFLAGS_set=
ac_cv_env_CFLAGS_value=
ac_cv_env_CPPFLAGS_set=
ac_cv_env_CPPFLAGS_value=
ac_cv_env_LDFLAGS_set=
ac_cv_env_LDFLAGS_value=
ac_cv_env_LIBS_set=
ac_cv_env_LIBS_value=
ac_cv_env_LT_SYS_LIBRARY_PATH_set=
ac_cv_env_LT_SYS_LIBRARY_PATH_value=
ac_cv_env_build_alias_set=
ac_cv_env_build_alias_value=
ac_cv_env_host_alias_set=
ac_cv_env_host_alias_value=
ac_cv_env_target_alias_set=
ac_cv_env_target_alias_value=
ac_cv_exeext=.exe
ac_cv_func_snprintf=yes
ac_cv_func_vsnprintf=yes
ac_cv_have_working_snprintf=yes
ac_cv_have_working_vsnprintf=yes
ac_cv_header_dlfcn_h=no
ac_cv_header_execinfo_h=no
ac_cv_header_inttypes_h=yes
ac_cv_header_minix_config_h=no
ac_cv_header_stdint_h=yes
ac_cv_header_stdio_h=yes
ac_cv_header_stdlib_h=yes
ac_cv_header_string_h=yes
ac_cv_header_strings_h=yes
ac_cv_header_sys_stat_h=yes
ac_cv_header_sys_types_h=yes
ac_cv_header_unistd_h=yes
ac_cv_header_wchar_h=yes
ac_cv_header_zlib_h=yes
ac_cv_host=x86_64-w64-mingw32
ac_cv_lib_c_dlopen=no
ac_cv_lib_c_fopen64=no
ac_cv_lib_c_getaddrinfo=no
ac_cv_lib_c_setuid=no
ac_cv_lib_c_strnlen=no
ac_cv_lib_crypto_EVP_get_digestbyname=yes
ac_cv_lib_dl_dlopen=no
ac_cv_lib_iconv_iconv=no
ac_cv_lib_pthread_pthread_create=yes
ac_cv_lib_ssl_SSL_CTX_new=yes
ac_cv_lib_z_inflateEnd=yes
ac_cv_objext=o
ac_cv_path_EGREP='/usr/bin/grep -E'
ac_cv_path_FGREP='/usr/bin/grep -F'
ac_cv_path_GREP=/usr/bin/grep
ac_cv_path_SED=/usr/bin/sed
ac_cv_path_install='/usr/bin/install -c'
ac_cv_path_lt_DD=/usr/bin/dd
ac_cv_path_mkdir=/usr/bin/mkdir
ac_cv_prog_AWK=gawk
ac_cv_prog_ac_ct_AR=ar
ac_cv_prog_ac_ct_CC=gcc
ac_cv_prog_ac_ct_DLLTOOL=dlltool
ac_cv_prog_ac_ct_FILECMD=file
ac_cv_prog_ac_ct_OBJDUMP=objdump
ac_cv_prog_ac_ct_RANLIB=ranlib
ac_cv_prog_ac_ct_STRIP=strip
ac_cv_prog_cc_c11=
ac_cv_prog_cc_g=yes
ac_cv_prog_cc_stdc=
ac_cv_prog_make_make_set=yes
ac_cv_safe_to_define___extensions__=yes
ac_cv_should_define__xopen_source=no
ac_cv_sizeof_long=4
ac_cv_sizeof_long_long=8
ac_cv_type_in_addr_t=no
ac_cv_type_in_port_t=no
ac_cv_type_sa_family_t=no
am_cv_CC_dependencies_compiler_type=gcc3
am_cv_make_support_nested_variables=yes
am_cv_prog_cc_c_o=yes
ax_cv_check_cflags___Waddress=yes
ax_cv_check_cflags___Wformat_2=yes
ax_cv_check_cflags___Wformat_nonliteral=yes
ax_cv_check_cflags___Wignored_qualifiers=yes
ax_cv_check_cflags___Winit_self=yes
ax_cv_check_cflags___Wmissing_parameter_type=yes
ax_cv_check_cflags___Wold_style_definition=yes
ax_cv_check_cflags___Wparentheses=yes
ax_cv_check_cflags___Wuninitialized=yes
ax_cv_check_cflags___Wunused_but_set_parameter=yes
ax_cv_check_cflags___fcf_protection=yes
ax_cv_check_cflags___fpie__pie=yes
ax_cv_check_cflags___fstack_clash_protection=yes
ax_cv_check_cflags___fstack_protector=yes
ax_cv_check_cflags___fstrict_aliasing__Wstrict_aliasing=yes
ax_cv_check_cflags___rdynamic=no
ax_cv_check_ldflags___Wl___discard_all=yes
ax_cv_check_ldflags___Wl___no_undefined=yes
ax_cv_check_ldflags___Wl__z_noexecstack=no
ax_cv_check_ldflags___Wl__z_relro__z_now=no
ax_cv_check_ldflags___pie=yes
ax_cv_have_aligned_access_required=no
gl_cv_cc_vis_werror=yes
gl_cv_cc_visibility=no
lt_cv_ar_at_file=@
lt_cv_deplibs_check_method='file_magic ^x86 archive import|^x86 DLL'
lt_cv_file_magic_cmd=func_win32_libid
lt_cv_file_magic_test_file=
lt_cv_ld_reload_flag=-r
lt_cv_nm_interface='BSD nm'
lt_cv_objdir=.libs
lt_cv_path_LD=C:/msys64/mingw64/x86_64-w64-mingw32/bin/ld.exe
lt_cv_path_NM='/mingw64/bin/nm -B'
lt_cv_path_mainfest_tool=no
lt_cv_prog_compiler_c_o=yes
lt_cv_prog_compiler_pic='-DDLL_EXPORT -DPIC'
lt_cv_prog_compiler_pic_works=yes
lt_cv_prog_compiler_rtti_exceptions=no
lt_cv_prog_compiler_static_works=yes
lt_cv_prog_gnu_ld=yes
lt_cv_sharedlib_from_linklib_cmd=func_cygming_dll_for_implib
lt_cv_sys_global_symbol_pipe='/usr/bin/sed -n -e '\''s/^.*[	 ]\([ABCDGIRSTW][ABCDGIRSTW]*\)[	 ][	 ]*\([_A-Za-z][_A-Za-z0-9]*\)\{0,1\}$/\1 \2 \2/p'\'' | /usr/bin/sed '\''/ __gnu_lto/d'\'''
lt_cv_sys_global_symbol_to_c_name_address='/usr/bin/sed -n -e '\''s/^: \(.*\) .*$/  {"\1", (void *) 0},/p'\'' -e '\''s/^[ABCDGIRSTW][ABCDGIRSTW]* .* \(.*\)$/  {"\1", (void *) \&\1},/p'\'''
lt_cv_sys_global_symbol_to_c_name_address_lib_prefix='/usr/bin/sed -n -e '\''s/^: \(.*\) .*$/  {"\1", (void *) 0},/p'\'' -e '\''s/^[ABCDGIRSTW][ABCDGIRSTW]* .* \(lib.*\)$/  {"\1", (void *) \&\1},/p'\'' -e '\''s/^[ABCDGIRSTW][ABCDGIRSTW]* .* \(.*\)$/  {"lib\1", (void *) \&\1},/p'\'''
lt_cv_sys_global_symbol_to_cdecl='/usr/bin/sed -n -e '\''s/^T .* \(.*\)$/extern int \1();/p'\'' -e '\''s/^[ABCDGIRSTW][ABCDGIRSTW]* .* \(.*\)$/extern char \1;/p'\'''
lt_cv_sys_global_symbol_to_import=
lt_cv_sys_max_cmd_len=8192
lt_cv_to_host_file_cmd=func_convert_file_msys_to_w32
lt_cv_to_tool_file_cmd=func_convert_file_msys_to_w32
lt_cv_truncate_bin='/usr/bin/dd bs=4096 count=1'
zlib_cv_libz=yes
zlib_cv_zlib_h=yes

## ----------------- ##
## Output variables. ##
## ----------------- ##

ACLOCAL='${SHELL} '\''/c/git/research/httrack/missing'\'' aclocal-1.16'
AMDEPBACKSLASH='\'
AMDEP_FALSE='#'
AMDEP_TRUE=''
AMTAR='$${TAR-tar}'
AM_BACKSLASH='\'
AM_CFLAGS=' '
AM_DEFAULT_V='$(AM_DEFAULT_VERBOSITY)'
AM_DEFAULT_VERBOSITY='1'
AM_V='$(V)'
AR='ar'
AUTOCONF='${SHELL} '\''/c/git/research/httrack/missing'\'' autoconf'
AUTOHEADER='${SHELL} '\''/c/git/research/httrack/missing'\'' autoheader'
AUTOMAKE='${SHELL} '\''/c/git/research/httrack/missing'\'' automake-1.16'
AWK='gawk'
CC='gcc'
CCDEPMODE='depmode=gcc3'
CFLAGS='-g -O2'
CFLAGS_PIE='-fpie -pie'
CFLAG_VISIBILITY=''
CPPFLAGS=' -I/mingw64/include'
CSCOPE='cscope'
CTAGS='ctags'
CYGPATH_W='cygpath -w'
DEFAULT_CFLAGS='-Wall -Wformat -Wformat-security -Wmultichar -Wwrite-strings -Wcast-qual -Wcast-align -Wstrict-prototypes -Wmissing-prototypes -Wmissing-declarations -Wdeclaration-after-statement -Wpointer-arith -Wsequence-point -Wnested-externs -D_REENTRANT -Wparentheses -Winit-self -Wunused-but-set-parameter -Waddress -Wuninitialized -Wformat=2 -Wformat-nonliteral -Wmissing-parameter-type -Wold-style-definition -Wignored-qualifiers -fstrict-aliasing -Wstrict-aliasing -fstack-protector -fstack-clash-protection -fcf-protection'
DEFAULT_LDFLAGS=' -Wl,--discard-all -Wl,--no-undefined'
DEFS='-DHAVE_CONFIG_H'
DEPDIR='.deps'
DLLTOOL='dlltool'
DL_LIBS=''
DSYMUTIL=''
DUMPBIN=''
ECHO_C=''
ECHO_N='-n'
ECHO_T=''
EGREP='/usr/bin/grep -E'
ETAGS='etags'
EXEEXT='.exe'
FGREP='/usr/bin/grep -F'
FILECMD='file'
GREP='/usr/bin/grep'
HAVE_VISIBILITY='0'
HTTPS_SUPPORT='yes'
ICONV_LIBS=''
INSTALL_DATA='${INSTALL} -m 644'
INSTALL_PROGRAM='${INSTALL}'
INSTALL_SCRIPT='${INSTALL}'
INSTALL_STRIP_PROGRAM='$(install_sh) -c -s'
LD='C:/msys64/mingw64/x86_64-w64-mingw32/bin/ld.exe'
LDFLAGS=' -L/mingw64/lib'
LDFLAGS_PIE='-pie'
LFS_FLAG=''
LIBHTTRACK_STATIC_CFLAGS='-DLIBHTTRACK_STATIC'
LIBOBJS=''
LIBS='-lz '
LIBTOOL='$(SHELL) $(top_builddir)/libtool'
LIPO=''
LN_S='cp -pR'
LTLIBOBJS=''
LT_CV_OBJDIR='.libs'
LT_SYS_LIBRARY_PATH=''
MAINT='#'
MAINTAINER_MODE_FALSE=''
MAINTAINER_MODE_TRUE='#'
MAKEINFO='${SHELL} '\''/c/git/research/httrack/missing'\'' makeinfo'
MANIFEST_TOOL=':'
MKDIR_P='/usr/bin/mkdir -p'
NM='/mingw64/bin/nm -B'
NMEDIT=''
OBJDUMP='objdump'
OBJEXT='o'
ONLINE_UNIT_TESTS='no'
OPENSSL_LIBS='-lcrypto -lssl'
OTOOL64=''
OTOOL=''
PACKAGE='httrack'
PACKAGE_BUGREPORT='roche+packaging@httrack.com'
PACKAGE_NAME='httrack'
PACKAGE_STRING='httrack 3.49.6'
PACKAGE_TARNAME='httrack'
PACKAGE_URL='http://www.httrack.com/'
PACKAGE_VERSION='3.49.6'
PATH_SEPARATOR=':'
RANLIB='ranlib'
SED='/usr/bin/sed'
SET_MAKE=''
SHELL='/bin/sh'
SHLIBPATH_VAR='PATH'
SOCKET_LIBS='-lws2_32'
STRIP='strip'
THREADS_CFLAGS=''
THREADS_LIBS='-lpthread'
V6_FLAG=''
VERSION='3.49.6'
VERSION_INFO='2:49:0'
ac_ct_AR='ar'
ac_ct_CC='gcc'
ac_ct_DUMPBIN=''
am__EXEEXT_FALSE='#'
am__EXEEXT_TRUE=''
am__fastdepCC_FALSE='#'
am__fastdepCC_TRUE=''
am__include='include'
am__isrc=''
am__leading_dot='.'
am__nodep='_no'
am__quote=''
am__tar='$${TAR-tar} chof - "$$tardir"'
am__untar='$${TAR-tar} xf -'
bindir='${exec_prefix}/bin'
build='x86_64-w64-mingw32'
build_alias='x86_64-w64-mingw32'
build_cpu='x86_64'
build_os='mingw32'
build_vendor='w64'
datadir='${datarootdir}'
datarootdir='${prefix}/share'
docdir='${datarootdir}/doc/${PACKAGE_TARNAME}'
dvidir='${docdir}'
exec_prefix='${prefix}'
host='x86_64-w64-mingw32'
host_alias=''
host_cpu='x86_64'
host_os='mingw32'
host_vendor='w64'
htmldir='${docdir}'
includedir='${prefix}/include'
infodir='${datarootdir}/info'
install_sh='${SHELL} /c/git/research/httrack/install-sh'
libdir='${exec_prefix}/lib'
libexecdir='${exec_prefix}/libexec'
localedir='${datarootdir}/locale'
localstatedir='${prefix}/var'
mandir='${datarootdir}/man'
mkdir_p='$(MKDIR_P)'
oldincludedir='/usr/include'
pdfdir='${docdir}'
prefix='/usr/local'
program_transform_name='s,x,x,'
psdir='${docdir}'
runstatedir='${localstatedir}/run'
sbindir='${exec_prefix}/sbin'
sharedstatedir='${prefix}/com'
sysconfdir='${prefix}/etc'
target_alias=''

## ----------- ##
## confdefs.h. ##
## ----------- ##

/* confdefs.h */
#define PACKAGE_NAME "httrack"
#define PACKAGE_TARNAME "httrack"
#define PACKAGE_VERSION "3.49.6"
#define PACKAGE_STRING "httrack 3.49.6"
#define PACKAGE_BUGREPORT "roche+packaging@httrack.com"
#define PACKAGE_URL "http://www.httrack.com/"
#define PACKAGE "httrack"
#define VERSION "3.49.6"
#define HAVE_STDIO_H 1
#define HAVE_STDLIB_H 1
#define HAVE_STRING_H 1
#define HAVE_INTTYPES_H 1
#define HAVE_STDINT_H 1
#define HAVE_STRINGS_H 1
#define HAVE_SYS_STAT_H 1
#define HAVE_SYS_TYPES_H 1
#define HAVE_UNISTD_H 1
#define HAVE_WCHAR_H 1
#define STDC_HEADERS 1
#define _ALL_SOURCE 1
#define _DARWIN_C_SOURCE 1
#define _GNU_SOURCE 1
#define _HPUX_ALT_XOPEN_SOCKET_API 1
#define _NETBSD_SOURCE 1
#define _OPENBSD_SOURCE 1
#define _POSIX_PTHREAD_SEMANTICS 1
#define __STDC_WANT_IEC_60559_ATTRIBS_EXT__ 1
#define __STDC_WANT_IEC_60559_BFP_EXT__ 1
#define __STDC_WANT_IEC_60559_DFP_EXT__ 1
#define __STDC_WANT_IEC_60559_FUNCS_EXT__ 1
#define __STDC_WANT_IEC_60559_TYPES_EXT__ 1
#define __STDC_WANT_LIB_EXT2__ 1
#define __STDC_WANT_MATH_SPEC_FUNCS__ 1
#define _TANDEM_SOURCE 1
#define __EXTENSIONS__ 1
#define LT_OBJDIR ".libs/"
#define HAVE_VISIBILITY 0
#define SIZEOF_LONG 4
#define SIZEOF_LONG_LONG 8
#define in_port_t uint16_t
#define sa_family_t uint16_t
#define HAVE_LIBZ 1
#define HTS_USEOPENSSL 1
#define THREADS 1
#define HAVE_SNPRINTF 1
#define HAVE_VSNPRINTF 1

configure: exit 0
